<testsuites id="" name="" tests="61" failures="5" skipped="0" errors="0" time="62.134027">
<testsuite name="tests/accessibility.spec.js" timestamp="2026-02-17T00:35:40.045Z" hostname="chromium" tests="14" failures="3" skipped="0" time="6.375" errors="0">
<testcase name="Accessibility › homepage should be accessible" classname="tests/accessibility.spec.js" time="1.575">
<failure message="accessibility.spec.js:17:3 homepage should be accessible" type="FAILURE">
<![CDATA[  [chromium] › tests/accessibility.spec.js:17:3 › Accessibility › homepage should be accessible ────

    Error: page.evaluate: Execution context was destroyed, most likely because of a navigation

      20 |     const accessibilityScanResults = await new AxeBuilder({ page })
      21 |       .withTags(['wcag2a', 'wcag2aa', 'wcag21a', 'wcag21aa'])
    > 22 |       .analyze();
         |        ^
      23 |
      24 |     expect(accessibilityScanResults.violations).toEqual([]);
      25 |   });
        at AxeBuilder.analyze (/home/runner/work/euparliamentmonitor/euparliamentmonitor/node_modules/@axe-core/playwright/dist/index.mjs:201:16)
        at /home/runner/work/euparliamentmonitor/euparliamentmonitor/e2e/tests/accessibility.spec.js:22:8

    attachment #1: screenshot (image/png) ──────────────────────────────────────────────────────────
    ../test-results/tests-accessibility-Access-b2774-mepage-should-be-accessible-chromium/test-failed-1.png
    ────────────────────────────────────────────────────────────────────────────────────────────────

    attachment #2: video (video/webm) ──────────────────────────────────────────────────────────────
    ../test-results/tests-accessibility-Access-b2774-mepage-should-be-accessible-chromium/video.webm
    ────────────────────────────────────────────────────────────────────────────────────────────────

    Error Context: ../test-results/tests-accessibility-Access-b2774-mepage-should-be-accessible-chromium/error-context.md

    Retry #1 ───────────────────────────────────────────────────────────────────────────────────────

    Error: page.evaluate: Execution context was destroyed, most likely because of a navigation

      20 |     const accessibilityScanResults = await new AxeBuilder({ page })
      21 |       .withTags(['wcag2a', 'wcag2aa', 'wcag21a', 'wcag21aa'])
    > 22 |       .analyze();
         |        ^
      23 |
      24 |     expect(accessibilityScanResults.violations).toEqual([]);
      25 |   });
        at AxeBuilder.analyze (/home/runner/work/euparliamentmonitor/euparliamentmonitor/node_modules/@axe-core/playwright/dist/index.mjs:201:16)
        at /home/runner/work/euparliamentmonitor/euparliamentmonitor/e2e/tests/accessibility.spec.js:22:8

    attachment #1: screenshot (image/png) ──────────────────────────────────────────────────────────
    ../test-results/tests-accessibility-Access-b2774-mepage-should-be-accessible-chromium-retry1/test-failed-1.png
    ────────────────────────────────────────────────────────────────────────────────────────────────

    attachment #2: video (video/webm) ──────────────────────────────────────────────────────────────
    ../test-results/tests-accessibility-Access-b2774-mepage-should-be-accessible-chromium-retry1/video.webm
    ────────────────────────────────────────────────────────────────────────────────────────────────

    Error Context: ../test-results/tests-accessibility-Access-b2774-mepage-should-be-accessible-chromium-retry1/error-context.md

    attachment #4: trace (application/zip) ─────────────────────────────────────────────────────────
    ../test-results/tests-accessibility-Access-b2774-mepage-should-be-accessible-chromium-retry1/trace.zip
    Usage:

        npx playwright show-trace ../test-results/tests-accessibility-Access-b2774-mepage-should-be-accessible-chromium-retry1/trace.zip

    ────────────────────────────────────────────────────────────────────────────────────────────────

    Retry #2 ───────────────────────────────────────────────────────────────────────────────────────

    Error: page.evaluate: Execution context was destroyed, most likely because of a navigation

      20 |     const accessibilityScanResults = await new AxeBuilder({ page })
      21 |       .withTags(['wcag2a', 'wcag2aa', 'wcag21a', 'wcag21aa'])
    > 22 |       .analyze();
         |        ^
      23 |
      24 |     expect(accessibilityScanResults.violations).toEqual([]);
      25 |   });
        at AxeBuilder.analyze (/home/runner/work/euparliamentmonitor/euparliamentmonitor/node_modules/@axe-core/playwright/dist/index.mjs:201:16)
        at /home/runner/work/euparliamentmonitor/euparliamentmonitor/e2e/tests/accessibility.spec.js:22:8

    attachment #1: screenshot (image/png) ──────────────────────────────────────────────────────────
    ../test-results/tests-accessibility-Access-b2774-mepage-should-be-accessible-chromium-retry2/test-failed-1.png
    ────────────────────────────────────────────────────────────────────────────────────────────────

    attachment #2: video (video/webm) ──────────────────────────────────────────────────────────────
    ../test-results/tests-accessibility-Access-b2774-mepage-should-be-accessible-chromium-retry2/video.webm
    ────────────────────────────────────────────────────────────────────────────────────────────────

    Error Context: ../test-results/tests-accessibility-Access-b2774-mepage-should-be-accessible-chromium-retry2/error-context.md
]]>
</failure>
<system-out>
<![CDATA[
[[ATTACHMENT|tests-accessibility-Access-b2774-mepage-should-be-accessible-chromium/test-failed-1.png]]

[[ATTACHMENT|tests-accessibility-Access-b2774-mepage-should-be-accessible-chromium/video.webm]]

[[ATTACHMENT|tests-accessibility-Access-b2774-mepage-should-be-accessible-chromium/error-context.md]]

[[ATTACHMENT|tests-accessibility-Access-b2774-mepage-should-be-accessible-chromium-retry1/test-failed-1.png]]

[[ATTACHMENT|tests-accessibility-Access-b2774-mepage-should-be-accessible-chromium-retry1/video.webm]]

[[ATTACHMENT|tests-accessibility-Access-b2774-mepage-should-be-accessible-chromium-retry1/error-context.md]]

[[ATTACHMENT|tests-accessibility-Access-b2774-mepage-should-be-accessible-chromium-retry1/trace.zip]]

[[ATTACHMENT|tests-accessibility-Access-b2774-mepage-should-be-accessible-chromium-retry2/test-failed-1.png]]

[[ATTACHMENT|tests-accessibility-Access-b2774-mepage-should-be-accessible-chromium-retry2/video.webm]]

[[ATTACHMENT|tests-accessibility-Access-b2774-mepage-should-be-accessible-chromium-retry2/error-context.md]]
]]>
</system-out>
</testcase>
<testcase name="Accessibility › article page should be accessible" classname="tests/accessibility.spec.js" time="0.264">
</testcase>
<testcase name="Accessibility › should have proper heading hierarchy" classname="tests/accessibility.spec.js" time="0.827">
<failure message="accessibility.spec.js:46:3 should have proper heading hierarchy" type="FAILURE">
<![CDATA[  [chromium] › tests/accessibility.spec.js:46:3 › Accessibility › should have proper heading hierarchy 

    Error: expect(received).toBeGreaterThanOrEqual(expected)

    Expected: >= 1
    Received:    0

      49 |     // Verify h1 exists and is unique
      50 |     const h1Count = await page.locator('h1').count();
    > 51 |     expect(h1Count).toBeGreaterThanOrEqual(1);
         |                     ^
      52 |     expect(h1Count).toBeLessThanOrEqual(1); // Should have exactly one h1
      53 |
      54 |     // Verify heading hierarchy exists
        at /home/runner/work/euparliamentmonitor/euparliamentmonitor/e2e/tests/accessibility.spec.js:51:21

    attachment #1: screenshot (image/png) ──────────────────────────────────────────────────────────
    ../test-results/tests-accessibility-Access-1c80e-ve-proper-heading-hierarchy-chromium/test-failed-1.png
    ────────────────────────────────────────────────────────────────────────────────────────────────

    attachment #2: video (video/webm) ──────────────────────────────────────────────────────────────
    ../test-results/tests-accessibility-Access-1c80e-ve-proper-heading-hierarchy-chromium/video.webm
    ────────────────────────────────────────────────────────────────────────────────────────────────

    Error Context: ../test-results/tests-accessibility-Access-1c80e-ve-proper-heading-hierarchy-chromium/error-context.md

    Retry #1 ───────────────────────────────────────────────────────────────────────────────────────

    Error: expect(received).toBeGreaterThanOrEqual(expected)

    Expected: >= 1
    Received:    0

      49 |     // Verify h1 exists and is unique
      50 |     const h1Count = await page.locator('h1').count();
    > 51 |     expect(h1Count).toBeGreaterThanOrEqual(1);
         |                     ^
      52 |     expect(h1Count).toBeLessThanOrEqual(1); // Should have exactly one h1
      53 |
      54 |     // Verify heading hierarchy exists
        at /home/runner/work/euparliamentmonitor/euparliamentmonitor/e2e/tests/accessibility.spec.js:51:21

    attachment #1: screenshot (image/png) ──────────────────────────────────────────────────────────
    ../test-results/tests-accessibility-Access-1c80e-ve-proper-heading-hierarchy-chromium-retry1/test-failed-1.png
    ────────────────────────────────────────────────────────────────────────────────────────────────

    attachment #2: video (video/webm) ──────────────────────────────────────────────────────────────
    ../test-results/tests-accessibility-Access-1c80e-ve-proper-heading-hierarchy-chromium-retry1/video.webm
    ────────────────────────────────────────────────────────────────────────────────────────────────

    Error Context: ../test-results/tests-accessibility-Access-1c80e-ve-proper-heading-hierarchy-chromium-retry1/error-context.md

    attachment #4: trace (application/zip) ─────────────────────────────────────────────────────────
    ../test-results/tests-accessibility-Access-1c80e-ve-proper-heading-hierarchy-chromium-retry1/trace.zip
    Usage:

        npx playwright show-trace ../test-results/tests-accessibility-Access-1c80e-ve-proper-heading-hierarchy-chromium-retry1/trace.zip

    ────────────────────────────────────────────────────────────────────────────────────────────────

    Retry #2 ───────────────────────────────────────────────────────────────────────────────────────

    Error: expect(received).toBeGreaterThanOrEqual(expected)

    Expected: >= 1
    Received:    0

      49 |     // Verify h1 exists and is unique
      50 |     const h1Count = await page.locator('h1').count();
    > 51 |     expect(h1Count).toBeGreaterThanOrEqual(1);
         |                     ^
      52 |     expect(h1Count).toBeLessThanOrEqual(1); // Should have exactly one h1
      53 |
      54 |     // Verify heading hierarchy exists
        at /home/runner/work/euparliamentmonitor/euparliamentmonitor/e2e/tests/accessibility.spec.js:51:21

    attachment #1: screenshot (image/png) ──────────────────────────────────────────────────────────
    ../test-results/tests-accessibility-Access-1c80e-ve-proper-heading-hierarchy-chromium-retry2/test-failed-1.png
    ────────────────────────────────────────────────────────────────────────────────────────────────

    attachment #2: video (video/webm) ──────────────────────────────────────────────────────────────
    ../test-results/tests-accessibility-Access-1c80e-ve-proper-heading-hierarchy-chromium-retry2/video.webm
    ────────────────────────────────────────────────────────────────────────────────────────────────

    Error Context: ../test-results/tests-accessibility-Access-1c80e-ve-proper-heading-hierarchy-chromium-retry2/error-context.md
]]>
</failure>
<system-out>
<![CDATA[
[[ATTACHMENT|tests-accessibility-Access-1c80e-ve-proper-heading-hierarchy-chromium/test-failed-1.png]]

[[ATTACHMENT|tests-accessibility-Access-1c80e-ve-proper-heading-hierarchy-chromium/video.webm]]

[[ATTACHMENT|tests-accessibility-Access-1c80e-ve-proper-heading-hierarchy-chromium/error-context.md]]

[[ATTACHMENT|tests-accessibility-Access-1c80e-ve-proper-heading-hierarchy-chromium-retry1/test-failed-1.png]]

[[ATTACHMENT|tests-accessibility-Access-1c80e-ve-proper-heading-hierarchy-chromium-retry1/video.webm]]

[[ATTACHMENT|tests-accessibility-Access-1c80e-ve-proper-heading-hierarchy-chromium-retry1/error-context.md]]

[[ATTACHMENT|tests-accessibility-Access-1c80e-ve-proper-heading-hierarchy-chromium-retry1/trace.zip]]

[[ATTACHMENT|tests-accessibility-Access-1c80e-ve-proper-heading-hierarchy-chromium-retry2/test-failed-1.png]]

[[ATTACHMENT|tests-accessibility-Access-1c80e-ve-proper-heading-hierarchy-chromium-retry2/video.webm]]

[[ATTACHMENT|tests-accessibility-Access-1c80e-ve-proper-heading-hierarchy-chromium-retry2/error-context.md]]
]]>
</system-out>
</testcase>
<testcase name="Accessibility › should have alt text for images" classname="tests/accessibility.spec.js" time="0.218">
</testcase>
<testcase name="Accessibility › should be keyboard navigable" classname="tests/accessibility.spec.js" time="0.283">
</testcase>
<testcase name="Accessibility › should activate links with Enter key" classname="tests/accessibility.spec.js" time="0.246">
</testcase>
<testcase name="Accessibility › should have sufficient color contrast" classname="tests/accessibility.spec.js" time="0.872">
<failure message="accessibility.spec.js:153:3 should have sufficient color contrast" type="FAILURE">
<![CDATA[  [chromium] › tests/accessibility.spec.js:153:3 › Accessibility › should have sufficient color contrast 

    Error: page.evaluate: Execution context was destroyed, most likely because of a navigation

      156 |     const accessibilityScanResults = await new AxeBuilder({ page })
      157 |       .withTags(['cat.color'])
    > 158 |       .analyze();
          |        ^
      159 |
      160 |     expect(accessibilityScanResults.violations).toEqual([]);
      161 |   });
        at AxeBuilder.analyze (/home/runner/work/euparliamentmonitor/euparliamentmonitor/node_modules/@axe-core/playwright/dist/index.mjs:201:16)
        at /home/runner/work/euparliamentmonitor/euparliamentmonitor/e2e/tests/accessibility.spec.js:158:8

    attachment #1: screenshot (image/png) ──────────────────────────────────────────────────────────
    ../test-results/tests-accessibility-Access-f5b54-e-sufficient-color-contrast-chromium/test-failed-1.png
    ────────────────────────────────────────────────────────────────────────────────────────────────

    attachment #2: video (video/webm) ──────────────────────────────────────────────────────────────
    ../test-results/tests-accessibility-Access-f5b54-e-sufficient-color-contrast-chromium/video.webm
    ────────────────────────────────────────────────────────────────────────────────────────────────

    Error Context: ../test-results/tests-accessibility-Access-f5b54-e-sufficient-color-contrast-chromium/error-context.md

    Retry #1 ───────────────────────────────────────────────────────────────────────────────────────

    Error: page.evaluate: Execution context was destroyed, most likely because of a navigation

      156 |     const accessibilityScanResults = await new AxeBuilder({ page })
      157 |       .withTags(['cat.color'])
    > 158 |       .analyze();
          |        ^
      159 |
      160 |     expect(accessibilityScanResults.violations).toEqual([]);
      161 |   });
        at AxeBuilder.analyze (/home/runner/work/euparliamentmonitor/euparliamentmonitor/node_modules/@axe-core/playwright/dist/index.mjs:201:16)
        at /home/runner/work/euparliamentmonitor/euparliamentmonitor/e2e/tests/accessibility.spec.js:158:8

    attachment #1: screenshot (image/png) ──────────────────────────────────────────────────────────
    ../test-results/tests-accessibility-Access-f5b54-e-sufficient-color-contrast-chromium-retry1/test-failed-1.png
    ────────────────────────────────────────────────────────────────────────────────────────────────

    attachment #2: video (video/webm) ──────────────────────────────────────────────────────────────
    ../test-results/tests-accessibility-Access-f5b54-e-sufficient-color-contrast-chromium-retry1/video.webm
    ────────────────────────────────────────────────────────────────────────────────────────────────

    Error Context: ../test-results/tests-accessibility-Access-f5b54-e-sufficient-color-contrast-chromium-retry1/error-context.md

    attachment #4: trace (application/zip) ─────────────────────────────────────────────────────────
    ../test-results/tests-accessibility-Access-f5b54-e-sufficient-color-contrast-chromium-retry1/trace.zip
    Usage:

        npx playwright show-trace ../test-results/tests-accessibility-Access-f5b54-e-sufficient-color-contrast-chromium-retry1/trace.zip

    ────────────────────────────────────────────────────────────────────────────────────────────────

    Retry #2 ───────────────────────────────────────────────────────────────────────────────────────

    Error: page.evaluate: Execution context was destroyed, most likely because of a navigation

      156 |     const accessibilityScanResults = await new AxeBuilder({ page })
      157 |       .withTags(['cat.color'])
    > 158 |       .analyze();
          |        ^
      159 |
      160 |     expect(accessibilityScanResults.violations).toEqual([]);
      161 |   });
        at AxeBuilder.analyze (/home/runner/work/euparliamentmonitor/euparliamentmonitor/node_modules/@axe-core/playwright/dist/index.mjs:201:16)
        at /home/runner/work/euparliamentmonitor/euparliamentmonitor/e2e/tests/accessibility.spec.js:158:8

    attachment #1: screenshot (image/png) ──────────────────────────────────────────────────────────
    ../test-results/tests-accessibility-Access-f5b54-e-sufficient-color-contrast-chromium-retry2/test-failed-1.png
    ────────────────────────────────────────────────────────────────────────────────────────────────

    attachment #2: video (video/webm) ──────────────────────────────────────────────────────────────
    ../test-results/tests-accessibility-Access-f5b54-e-sufficient-color-contrast-chromium-retry2/video.webm
    ────────────────────────────────────────────────────────────────────────────────────────────────

    Error Context: ../test-results/tests-accessibility-Access-f5b54-e-sufficient-color-contrast-chromium-retry2/error-context.md
]]>
</failure>
<system-out>
<![CDATA[
[[ATTACHMENT|tests-accessibility-Access-f5b54-e-sufficient-color-contrast-chromium/test-failed-1.png]]

[[ATTACHMENT|tests-accessibility-Access-f5b54-e-sufficient-color-contrast-chromium/video.webm]]

[[ATTACHMENT|tests-accessibility-Access-f5b54-e-sufficient-color-contrast-chromium/error-context.md]]

[[ATTACHMENT|tests-accessibility-Access-f5b54-e-sufficient-color-contrast-chromium-retry1/test-failed-1.png]]

[[ATTACHMENT|tests-accessibility-Access-f5b54-e-sufficient-color-contrast-chromium-retry1/video.webm]]

[[ATTACHMENT|tests-accessibility-Access-f5b54-e-sufficient-color-contrast-chromium-retry1/error-context.md]]

[[ATTACHMENT|tests-accessibility-Access-f5b54-e-sufficient-color-contrast-chromium-retry1/trace.zip]]

[[ATTACHMENT|tests-accessibility-Access-f5b54-e-sufficient-color-contrast-chromium-retry2/test-failed-1.png]]

[[ATTACHMENT|tests-accessibility-Access-f5b54-e-sufficient-color-contrast-chromium-retry2/video.webm]]

[[ATTACHMENT|tests-accessibility-Access-f5b54-e-sufficient-color-contrast-chromium-retry2/error-context.md]]
]]>
</system-out>
</testcase>
<testcase name="Accessibility › should have proper ARIA landmarks" classname="tests/accessibility.spec.js" time="0.28">
</testcase>
<testcase name="Accessibility › should have proper link text" classname="tests/accessibility.spec.js" time="0.224">
</testcase>
<testcase name="Accessibility › should have skip navigation link" classname="tests/accessibility.spec.js" time="0.18">
</testcase>
<testcase name="Accessibility › should have proper page title" classname="tests/accessibility.spec.js" time="0.249">
</testcase>
<testcase name="Accessibility › should have language attribute" classname="tests/accessibility.spec.js" time="0.203">
</testcase>
<testcase name="Accessibility › should support text zoom" classname="tests/accessibility.spec.js" time="0.776">
</testcase>
<testcase name="Accessibility › should have proper form labels if forms exist" classname="tests/accessibility.spec.js" time="0.178">
</testcase>
</testsuite>
<testsuite name="tests/homepage.spec.js" timestamp="2026-02-17T00:35:40.045Z" hostname="chromium" tests="6" failures="1" skipped="0" time="17.788" errors="0">
<testcase name="Homepage › should load successfully" classname="tests/homepage.spec.js" time="0.216">
</testcase>
<testcase name="Homepage › should display navigation menu" classname="tests/homepage.spec.js" time="16.647">
<failure message="homepage.spec.js:26:3 should display navigation menu" type="FAILURE">
<![CDATA[  [chromium] › tests/homepage.spec.js:26:3 › Homepage › should display navigation menu ─────────────

    Error: expect(locator).toBeVisible() failed

    Locator: locator('nav')
    Expected: visible
    Timeout: 5000ms
    Error: element(s) not found

    Call log:
      - Expect "toBeVisible" with timeout 5000ms
      - waiting for locator('nav')
        - waiting for" http://localhost:8080/index-en.html" navigation to finish...
        - navigated to "http://localhost:8080/index-en.html"


      29 |     // Verify navigation exists
      30 |     const nav = page.locator('nav');
    > 31 |     await expect(nav).toBeVisible();
         |                       ^
      32 |
      33 |     // Verify key links exist
      34 |     const weekAheadLink = page.locator('a[href*="week-ahead"]');
        at /home/runner/work/euparliamentmonitor/euparliamentmonitor/e2e/tests/homepage.spec.js:31:23

    attachment #1: screenshot (image/png) ──────────────────────────────────────────────────────────
    ../test-results/tests-homepage-Homepage-should-display-navigation-menu-chromium/test-failed-1.png
    ────────────────────────────────────────────────────────────────────────────────────────────────

    attachment #2: video (video/webm) ──────────────────────────────────────────────────────────────
    ../test-results/tests-homepage-Homepage-should-display-navigation-menu-chromium/video.webm
    ────────────────────────────────────────────────────────────────────────────────────────────────

    Error Context: ../test-results/tests-homepage-Homepage-should-display-navigation-menu-chromium/error-context.md

    Retry #1 ───────────────────────────────────────────────────────────────────────────────────────

    Error: expect(locator).toBeVisible() failed

    Locator: locator('nav')
    Expected: visible
    Timeout: 5000ms
    Error: element(s) not found

    Call log:
      - Expect "toBeVisible" with timeout 5000ms
      - waiting for locator('nav')
        - waiting for navigation to finish...
        - navigated to "http://localhost:8080/index-en.html"


      29 |     // Verify navigation exists
      30 |     const nav = page.locator('nav');
    > 31 |     await expect(nav).toBeVisible();
         |                       ^
      32 |
      33 |     // Verify key links exist
      34 |     const weekAheadLink = page.locator('a[href*="week-ahead"]');
        at /home/runner/work/euparliamentmonitor/euparliamentmonitor/e2e/tests/homepage.spec.js:31:23

    attachment #1: screenshot (image/png) ──────────────────────────────────────────────────────────
    ../test-results/tests-homepage-Homepage-should-display-navigation-menu-chromium-retry1/test-failed-1.png
    ────────────────────────────────────────────────────────────────────────────────────────────────

    attachment #2: video (video/webm) ──────────────────────────────────────────────────────────────
    ../test-results/tests-homepage-Homepage-should-display-navigation-menu-chromium-retry1/video.webm
    ────────────────────────────────────────────────────────────────────────────────────────────────

    Error Context: ../test-results/tests-homepage-Homepage-should-display-navigation-menu-chromium-retry1/error-context.md

    attachment #4: trace (application/zip) ─────────────────────────────────────────────────────────
    ../test-results/tests-homepage-Homepage-should-display-navigation-menu-chromium-retry1/trace.zip
    Usage:

        npx playwright show-trace ../test-results/tests-homepage-Homepage-should-display-navigation-menu-chromium-retry1/trace.zip

    ────────────────────────────────────────────────────────────────────────────────────────────────

    Retry #2 ───────────────────────────────────────────────────────────────────────────────────────

    Error: expect(locator).toBeVisible() failed

    Locator: locator('nav')
    Expected: visible
    Timeout: 5000ms
    Error: element(s) not found

    Call log:
      - Expect "toBeVisible" with timeout 5000ms
      - waiting for locator('nav')
        - waiting for" http://localhost:8080/index-en.html" navigation to finish...
        - navigated to "http://localhost:8080/index-en.html"


      29 |     // Verify navigation exists
      30 |     const nav = page.locator('nav');
    > 31 |     await expect(nav).toBeVisible();
         |                       ^
      32 |
      33 |     // Verify key links exist
      34 |     const weekAheadLink = page.locator('a[href*="week-ahead"]');
        at /home/runner/work/euparliamentmonitor/euparliamentmonitor/e2e/tests/homepage.spec.js:31:23

    attachment #1: screenshot (image/png) ──────────────────────────────────────────────────────────
    ../test-results/tests-homepage-Homepage-should-display-navigation-menu-chromium-retry2/test-failed-1.png
    ────────────────────────────────────────────────────────────────────────────────────────────────

    attachment #2: video (video/webm) ──────────────────────────────────────────────────────────────
    ../test-results/tests-homepage-Homepage-should-display-navigation-menu-chromium-retry2/video.webm
    ────────────────────────────────────────────────────────────────────────────────────────────────

    Error Context: ../test-results/tests-homepage-Homepage-should-display-navigation-menu-chromium-retry2/error-context.md
]]>
</failure>
<system-out>
<![CDATA[
[[ATTACHMENT|tests-homepage-Homepage-should-display-navigation-menu-chromium/test-failed-1.png]]

[[ATTACHMENT|tests-homepage-Homepage-should-display-navigation-menu-chromium/video.webm]]

[[ATTACHMENT|tests-homepage-Homepage-should-display-navigation-menu-chromium/error-context.md]]

[[ATTACHMENT|tests-homepage-Homepage-should-display-navigation-menu-chromium-retry1/test-failed-1.png]]

[[ATTACHMENT|tests-homepage-Homepage-should-display-navigation-menu-chromium-retry1/video.webm]]

[[ATTACHMENT|tests-homepage-Homepage-should-display-navigation-menu-chromium-retry1/error-context.md]]

[[ATTACHMENT|tests-homepage-Homepage-should-display-navigation-menu-chromium-retry1/trace.zip]]

[[ATTACHMENT|tests-homepage-Homepage-should-display-navigation-menu-chromium-retry2/test-failed-1.png]]

[[ATTACHMENT|tests-homepage-Homepage-should-display-navigation-menu-chromium-retry2/video.webm]]

[[ATTACHMENT|tests-homepage-Homepage-should-display-navigation-menu-chromium-retry2/error-context.md]]
]]>
</system-out>
</testcase>
<testcase name="Homepage › should display recent articles" classname="tests/homepage.spec.js" time="0.226">
</testcase>
<testcase name="Homepage › should have working sitemap link" classname="tests/homepage.spec.js" time="0.2">
</testcase>
<testcase name="Homepage › should have proper HTML structure" classname="tests/homepage.spec.js" time="0.252">
</testcase>
<testcase name="Homepage › should have SEO meta tags" classname="tests/homepage.spec.js" time="0.247">
</testcase>
</testsuite>
<testsuite name="tests/multi-language.spec.js" timestamp="2026-02-17T00:35:40.045Z" hostname="chromium" tests="11" failures="0" skipped="0" time="2.393" errors="0">
<testcase name="Multi-Language Support › should load English version" classname="tests/multi-language.spec.js" time="0.199">
</testcase>
<testcase name="Multi-Language Support › should load German version" classname="tests/multi-language.spec.js" time="0.184">
</testcase>
<testcase name="Multi-Language Support › should load French version" classname="tests/multi-language.spec.js" time="0.181">
</testcase>
<testcase name="Multi-Language Support › should load Spanish version" classname="tests/multi-language.spec.js" time="0.23">
</testcase>
<testcase name="Multi-Language Support › should switch between languages" classname="tests/multi-language.spec.js" time="0.22">
</testcase>
<testcase name="Multi-Language Support › should have consistent structure across languages" classname="tests/multi-language.spec.js" time="0.289">
</testcase>
<testcase name="Multi-Language Support › should have language-specific meta tags" classname="tests/multi-language.spec.js" time="0.171">
</testcase>
<testcase name="Multi-Language Support › should maintain navigation in selected language" classname="tests/multi-language.spec.js" time="0.171">
</testcase>
<testcase name="Multi-Language Support › should have proper charset encoding for all languages" classname="tests/multi-language.spec.js" time="0.319">
</testcase>
<testcase name="Multi-Language Support › should display articles in language-specific format" classname="tests/multi-language.spec.js" time="0.257">
</testcase>
<testcase name="Multi-Language Support › should have correct language in alternate links" classname="tests/multi-language.spec.js" time="0.172">
</testcase>
</testsuite>
<testsuite name="tests/navigation.spec.js" timestamp="2026-02-17T00:35:40.045Z" hostname="chromium" tests="10" failures="0" skipped="0" time="2.082" errors="0">
<testcase name="Navigation › should have functional navigation menu" classname="tests/navigation.spec.js" time="0.238">
</testcase>
<testcase name="Navigation › should navigate to different sections" classname="tests/navigation.spec.js" time="0.217">
</testcase>
<testcase name="Navigation › should maintain navigation state across pages" classname="tests/navigation.spec.js" time="0.232">
</testcase>
<testcase name="Navigation › should have working home link" classname="tests/navigation.spec.js" time="0.186">
</testcase>
<testcase name="Navigation › should support browser back button" classname="tests/navigation.spec.js" time="0.22">
</testcase>
<testcase name="Navigation › should support browser forward button" classname="tests/navigation.spec.js" time="0.211">
</testcase>
<testcase name="Navigation › should have accessible skip links" classname="tests/navigation.spec.js" time="0.181">
</testcase>
<testcase name="Navigation › should have proper link focus states" classname="tests/navigation.spec.js" time="0.194">
</testcase>
<testcase name="Navigation › should have working external links" classname="tests/navigation.spec.js" time="0.185">
</testcase>
<testcase name="Navigation › should not have broken internal links" classname="tests/navigation.spec.js" time="0.218">
</testcase>
</testsuite>
<testsuite name="tests/news-browsing.spec.js" timestamp="2026-02-17T00:35:40.045Z" hostname="chromium" tests="5" failures="0" skipped="0" time="0.981" errors="0">
<testcase name="News Browsing › should open and display article" classname="tests/news-browsing.spec.js" time="0.22">
</testcase>
<testcase name="News Browsing › should navigate back to homepage" classname="tests/news-browsing.spec.js" time="0.179">
</testcase>
<testcase name="News Browsing › should display article metadata" classname="tests/news-browsing.spec.js" time="0.178">
</testcase>
<testcase name="News Browsing › should have working internal links" classname="tests/news-browsing.spec.js" time="0.218">
</testcase>
<testcase name="News Browsing › should display article content" classname="tests/news-browsing.spec.js" time="0.186">
</testcase>
</testsuite>
<testsuite name="tests/responsive.spec.js" timestamp="2026-02-17T00:35:40.045Z" hostname="chromium" tests="15" failures="1" skipped="0" time="6.727" errors="0">
<testcase name="Responsive Design › should render correctly on Mobile Portrait" classname="tests/responsive.spec.js" time="0.175">
</testcase>
<testcase name="Responsive Design › should render correctly on Tablet Portrait" classname="tests/responsive.spec.js" time="0.177">
</testcase>
<testcase name="Responsive Design › should render correctly on Desktop" classname="tests/responsive.spec.js" time="0.245">
</testcase>
<testcase name="Responsive Design › should have responsive meta viewport tag" classname="tests/responsive.spec.js" time="0.19">
</testcase>
<testcase name="Responsive Design › should adapt layout for different screen sizes" classname="tests/responsive.spec.js" time="0.241">
</testcase>
<testcase name="Responsive Design › should have touch-friendly tap targets on mobile" classname="tests/responsive.spec.js" time="0.152">
</testcase>
<testcase name="Responsive Design › should not have horizontal scroll on mobile" classname="tests/responsive.spec.js" time="0.651">
<failure message="responsive.spec.js:121:3 should not have horizontal scroll on mobile" type="FAILURE">
<![CDATA[  [chromium] › tests/responsive.spec.js:121:3 › Responsive Design › should not have horizontal scroll on mobile 

    Error: page.evaluate: Execution context was destroyed, most likely because of a navigation

      124 |
      125 |     // Check for horizontal scrollbar
    > 126 |     const hasHorizontalScroll = await page.evaluate(() => {
          |                                            ^
      127 |       return document.documentElement.scrollWidth > window.innerWidth;
      128 |     });
      129 |
        at /home/runner/work/euparliamentmonitor/euparliamentmonitor/e2e/tests/responsive.spec.js:126:44

    attachment #1: screenshot (image/png) ──────────────────────────────────────────────────────────
    ../test-results/tests-responsive-Responsiv-3b78f-horizontal-scroll-on-mobile-chromium/test-failed-1.png
    ────────────────────────────────────────────────────────────────────────────────────────────────

    attachment #2: video (video/webm) ──────────────────────────────────────────────────────────────
    ../test-results/tests-responsive-Responsiv-3b78f-horizontal-scroll-on-mobile-chromium/video.webm
    ────────────────────────────────────────────────────────────────────────────────────────────────

    Error Context: ../test-results/tests-responsive-Responsiv-3b78f-horizontal-scroll-on-mobile-chromium/error-context.md

    Retry #1 ───────────────────────────────────────────────────────────────────────────────────────

    Error: page.evaluate: Execution context was destroyed, most likely because of a navigation

      124 |
      125 |     // Check for horizontal scrollbar
    > 126 |     const hasHorizontalScroll = await page.evaluate(() => {
          |                                            ^
      127 |       return document.documentElement.scrollWidth > window.innerWidth;
      128 |     });
      129 |
        at /home/runner/work/euparliamentmonitor/euparliamentmonitor/e2e/tests/responsive.spec.js:126:44

    attachment #1: screenshot (image/png) ──────────────────────────────────────────────────────────
    ../test-results/tests-responsive-Responsiv-3b78f-horizontal-scroll-on-mobile-chromium-retry1/test-failed-1.png
    ────────────────────────────────────────────────────────────────────────────────────────────────

    attachment #2: video (video/webm) ──────────────────────────────────────────────────────────────
    ../test-results/tests-responsive-Responsiv-3b78f-horizontal-scroll-on-mobile-chromium-retry1/video.webm
    ────────────────────────────────────────────────────────────────────────────────────────────────

    Error Context: ../test-results/tests-responsive-Responsiv-3b78f-horizontal-scroll-on-mobile-chromium-retry1/error-context.md

    attachment #4: trace (application/zip) ─────────────────────────────────────────────────────────
    ../test-results/tests-responsive-Responsiv-3b78f-horizontal-scroll-on-mobile-chromium-retry1/trace.zip
    Usage:

        npx playwright show-trace ../test-results/tests-responsive-Responsiv-3b78f-horizontal-scroll-on-mobile-chromium-retry1/trace.zip

    ────────────────────────────────────────────────────────────────────────────────────────────────

    Retry #2 ───────────────────────────────────────────────────────────────────────────────────────

    Error: page.evaluate: Execution context was destroyed, most likely because of a navigation

      124 |
      125 |     // Check for horizontal scrollbar
    > 126 |     const hasHorizontalScroll = await page.evaluate(() => {
          |                                            ^
      127 |       return document.documentElement.scrollWidth > window.innerWidth;
      128 |     });
      129 |
        at /home/runner/work/euparliamentmonitor/euparliamentmonitor/e2e/tests/responsive.spec.js:126:44

    attachment #1: screenshot (image/png) ──────────────────────────────────────────────────────────
    ../test-results/tests-responsive-Responsiv-3b78f-horizontal-scroll-on-mobile-chromium-retry2/test-failed-1.png
    ────────────────────────────────────────────────────────────────────────────────────────────────

    attachment #2: video (video/webm) ──────────────────────────────────────────────────────────────
    ../test-results/tests-responsive-Responsiv-3b78f-horizontal-scroll-on-mobile-chromium-retry2/video.webm
    ────────────────────────────────────────────────────────────────────────────────────────────────

    Error Context: ../test-results/tests-responsive-Responsiv-3b78f-horizontal-scroll-on-mobile-chromium-retry2/error-context.md
]]>
</failure>
<system-out>
<![CDATA[
[[ATTACHMENT|tests-responsive-Responsiv-3b78f-horizontal-scroll-on-mobile-chromium/test-failed-1.png]]

[[ATTACHMENT|tests-responsive-Responsiv-3b78f-horizontal-scroll-on-mobile-chromium/video.webm]]

[[ATTACHMENT|tests-responsive-Responsiv-3b78f-horizontal-scroll-on-mobile-chromium/error-context.md]]

[[ATTACHMENT|tests-responsive-Responsiv-3b78f-horizontal-scroll-on-mobile-chromium-retry1/test-failed-1.png]]

[[ATTACHMENT|tests-responsive-Responsiv-3b78f-horizontal-scroll-on-mobile-chromium-retry1/video.webm]]

[[ATTACHMENT|tests-responsive-Responsiv-3b78f-horizontal-scroll-on-mobile-chromium-retry1/error-context.md]]

[[ATTACHMENT|tests-responsive-Responsiv-3b78f-horizontal-scroll-on-mobile-chromium-retry1/trace.zip]]

[[ATTACHMENT|tests-responsive-Responsiv-3b78f-horizontal-scroll-on-mobile-chromium-retry2/test-failed-1.png]]

[[ATTACHMENT|tests-responsive-Responsiv-3b78f-horizontal-scroll-on-mobile-chromium-retry2/video.webm]]

[[ATTACHMENT|tests-responsive-Responsiv-3b78f-horizontal-scroll-on-mobile-chromium-retry2/error-context.md]]
]]>
</system-out>
</testcase>
<testcase name="Responsive Design › should display readable text on mobile" classname="tests/responsive.spec.js" time="0.19">
</testcase>
<testcase name="Responsive Design › should stack content on mobile" classname="tests/responsive.spec.js" time="0.217">
</testcase>
<testcase name="Responsive Design › should maintain functionality across viewports" classname="tests/responsive.spec.js" time="0.423">
</testcase>
<testcase name="Responsive Design › should have responsive images" classname="tests/responsive.spec.js" time="0.171">
</testcase>
<testcase name="Responsive Design › should hide or show elements based on viewport" classname="tests/responsive.spec.js" time="1.555">
<system-out>
<![CDATA[
[[ATTACHMENT|tests-responsive-Responsiv-5d44d--elements-based-on-viewport-chromium/test-failed-1.png]]

[[ATTACHMENT|tests-responsive-Responsiv-5d44d--elements-based-on-viewport-chromium/video.webm]]

[[ATTACHMENT|tests-responsive-Responsiv-5d44d--elements-based-on-viewport-chromium/error-context.md]]

[[ATTACHMENT|tests-responsive-Responsiv-5d44d--elements-based-on-viewport-chromium-retry1/trace.zip]]
]]>
</system-out>
</testcase>
<testcase name="Responsive Design › should support landscape orientation on mobile" classname="tests/responsive.spec.js" time="0.723">
</testcase>
<testcase name="Responsive Design › should have readable line lengths on desktop" classname="tests/responsive.spec.js" time="0.291">
</testcase>
<testcase name="Responsive Design › should support text resizing without breaking layout" classname="tests/responsive.spec.js" time="1.326">
<system-out>
<![CDATA[
[[ATTACHMENT|tests-responsive-Responsiv-3b0e7-ing-without-breaking-layout-chromium/test-failed-1.png]]

[[ATTACHMENT|tests-responsive-Responsiv-3b0e7-ing-without-breaking-layout-chromium/video.webm]]

[[ATTACHMENT|tests-responsive-Responsiv-3b0e7-ing-without-breaking-layout-chromium/error-context.md]]

[[ATTACHMENT|tests-responsive-Responsiv-3b0e7-ing-without-breaking-layout-chromium-retry1/test-failed-1.png]]

[[ATTACHMENT|tests-responsive-Responsiv-3b0e7-ing-without-breaking-layout-chromium-retry1/video.webm]]

[[ATTACHMENT|tests-responsive-Responsiv-3b0e7-ing-without-breaking-layout-chromium-retry1/error-context.md]]

[[ATTACHMENT|tests-responsive-Responsiv-3b0e7-ing-without-breaking-layout-chromium-retry1/trace.zip]]
]]>
</system-out>
</testcase>
</testsuite>
</testsuites>